// Jest Snapshot v1, https://goo.gl/fbAQLP

exports[`delete button tests should exist 1`] = `ReactWrapper {}`;
