// Jest Snapshot v1, https://goo.gl/fbAQLP

exports[`Login page Should exist 1`] = `ReactWrapper {}`;
