// Jest Snapshot v1, https://goo.gl/fbAQLP

exports[`should render colors-bar component should exist 1`] = `undefined`;
